// Jest Snapshot v1, https://goo.gl/fbAQLP

exports[`Counter should render without crash 1`] = `
<div>
  <button
    type="button"
  >
    0
  </button>
</div>
`;
